
> template-generator@1.0.0 build D:\workspace\code\template-generator
> vue-tsc -b && vite build

[36mvite v6.0.5 [32mbuilding for production...[36m[39m
transforming...
[32m鉁?[39m 3327 modules transformed.
rendering chunks...
computing gzip size...
[2mdist/[22m[32mindex.html                             [39m[1m[2m    0.95 kB[22m[1m[22m[2m 鈹?gzip:   0.57 kB[22m
[2mdist/[22m[35massets/html-download-DFEH6cyY.css      [39m[1m[2m   18.51 kB[22m[1m[22m[2m 鈹?gzip:   3.29 kB[22m
[2mdist/[22m[35massets/ProjectListView-C4m5BWir.css    [39m[1m[2m   25.20 kB[22m[1m[22m[2m 鈹?gzip:   4.09 kB[22m
[2mdist/[22m[35massets/ProjectCreateView-ojzdY0qx.css  [39m[1m[2m  119.20 kB[22m[1m[22m[2m 鈹?gzip:  16.26 kB[22m
[2mdist/[22m[35massets/index-nAp4uE0R.css              [39m[1m[2m  369.60 kB[22m[1m[22m[2m 鈹?gzip:  50.82 kB[22m
[2mdist/[22m[36massets/ProjectListView-DgWp9nqQ.js     [39m[1m[2m    9.07 kB[22m[1m[22m[2m 鈹?gzip:   3.48 kB[22m[2m 鈹?map:    33.35 kB[22m
[2mdist/[22m[36massets/html-download-QrxJI6fH.js       [39m[1m[2m  162.09 kB[22m[1m[22m[2m 鈹?gzip:  52.73 kB[22m[2m 鈹?map:   532.20 kB[22m
[2mdist/[22m[36massets/ProjectCreateView-BpLIZZ8E.js   [39m[1m[2m  237.05 kB[22m[1m[22m[2m 鈹?gzip:  78.64 kB[22m[2m 鈹?map:   970.88 kB[22m
[2mdist/[22m[36massets/index-Qzj-gqUd.js               [39m[1m[33m1,299.22 kB[39m[22m[2m 鈹?gzip: 423.33 kB[22m[2m 鈹?map: 5,977.64 kB[22m
node.exe : [33m
所在位置 D:\Programs\nodejs\pnpm.ps1:16 字符: 5
+     & "$basedir/node$exe"  "$basedir/node_modules/corepack/dist/pnpm. ...
+     ~~~~~~~~~~~~~~~~~~~~~~~~~~~~~~~~~~~~~~~~~~~~~~~~~~~~~~~~~~~~~~~~~
    + CategoryInfo          : NotSpecified: ([33m:String) [], RemoteException
    + FullyQualifiedErrorId : NativeCommandError
 
(!) Some chunks are larger than 500 kB after minification. Consider:
- Using dynamic import() to code-split the application
- Use build.rollupOptions.output.manualChunks to improve chunking: https://rollupjs.org/configuration-options/#output-m
anualchunks
- Adjust chunk size limit for this warning via build.chunkSizeWarningLimit.[39m
[32m鉁?built in 10.49s[39m
